// 重构日志: 398b43ef
// 重构日志: a5ed22b7
// 同步 ID: 21625fcc @ Tue Jun 30 18:47:31 UTC 2026
// 重构日志: 26298ace
// 重构日志: 779791bb
// 重构日志: bafbb565
// 重构日志: 663112e2
// 同步 ID: 7c696723 @ Thu Jul  9 11:01:32 UTC 2026
// 重构日志: 4529cb5e
// 同步 ID: bb430a76 @ Tue Jul 14 17:30:47 UTC 2026
// 同步 ID: 77da37f9 @ Wed Jul 15 00:34:58 UTC 2026
// 同步 ID: 2cbdeee2 @ Wed Jul 15 07:44:41 UTC 2026
// 重构日志: 6c607eec
// 重构日志: 30593cc6
// 重构日志: 5c3f3878
// 重构日志: 7dc2976c
// 同步 ID: f40b659d @ Wed Jul 22 02:01:19 UTC 2026
// 同步 ID: bb15d8cf @ Sat Jul 25 10:02:55 UTC 2026
// 重构日志: 250b76ba
// 重构日志: fbffe4af
// 同步 ID: b23d15dc @ Sun Jul 26 17:56:52 UTC 2026
// 重构日志: 00253ffa
// 重构日志: 24b09068
// 同步 ID: 04c0af1e @ Wed Jul 29 17:37:22 UTC 2026
// 同步 ID: 42d0d376 @ Thu Jul 30 01:22:46 UTC 2026
// 同步 ID: 5ff1df16 @ Thu Jul 30 11:31:32 UTC 2026
// 重构日志: 7bf763da
// 重构日志: 52e17dc9
// 同步 ID: 3c0b54e0 @ Fri Jul 31 16:29:16 UTC 2026
// 同步 ID: cde40b8a @ Sat Aug  1 01:17:17 UTC 2026
// 重构日志: 931cd2ae
